> Task :cryptoicons:checkKotlinGradlePluginConfigurationErrors SKIPPED
> Task :cryptoicons:preBuild UP-TO-DATE
> Task :cryptoicons:preDebugBuild UP-TO-DATE
> Task :cryptoicons:generateDebugResValues UP-TO-DATE
> Task :cryptoicons:generateDebugResources UP-TO-DATE
> Task :cryptoicons:packageDebugResources UP-TO-DATE
> Task :cryptoicons:parseDebugLocalResources UP-TO-DATE
> Task :cryptoicons:generateDebugRFile UP-TO-DATE
> Task :cryptoicons:compileDebugKotlin NO-SOURCE
> Task :cryptoicons:javaPreCompileDebug UP-TO-DATE
> Task :cryptoicons:compileDebugJavaWithJavac NO-SOURCE
> Task :cryptoicons:bundleLibCompileToJarDebug UP-TO-DATE
> Task :fiaticons:checkKotlinGradlePluginConfigurationErrors SKIPPED
> Task :fiaticons:preBuild UP-TO-DATE
> Task :fiaticons:preDebugBuild UP-TO-DATE
> Task :fiaticons:generateDebugResValues UP-TO-DATE
> Task :fiaticons:generateDebugResources UP-TO-DATE
> Task :fiaticons:packageDebugResources UP-TO-DATE
> Task :fiaticons:parseDebugLocalResources UP-TO-DATE
> Task :fiaticons:generateDebugRFile UP-TO-DATE
> Task :fiaticons:compileDebugKotlin NO-SOURCE
> Task :fiaticons:javaPreCompileDebug UP-TO-DATE
> Task :fiaticons:compileDebugJavaWithJavac NO-SOURCE
> Task :fiaticons:bundleLibCompileToJarDebug UP-TO-DATE
> Task :watchapp:checkKotlinGradlePluginConfigurationErrors SKIPPED
> Task :cryptoicons:compileDebugLibraryResources UP-TO-DATE
> Task :fiaticons:compileDebugLibraryResources UP-TO-DATE
> Task :cryptoicons:writeDebugAarMetadata UP-TO-DATE
> Task :fiaticons:writeDebugAarMetadata UP-TO-DATE
> Task :watchapp:preBuild UP-TO-DATE
> Task :watchapp:preDebugBuild UP-TO-DATE
> Task :core:data:loadKtlintReporters UP-TO-DATE
> Task :core:data:runKtlintFormatOverKotlinScripts UP-TO-DATE
> Task :core:data:runKtlintCheckOverAndroidTestDebugSourceSet NO-SOURCE
> Task :core:data:ktlintAndroidTestDebugSourceSetCheck SKIPPED
> Task :core:data:runKtlintCheckOverAndroidTestReleaseSourceSet NO-SOURCE
> Task :core:data:ktlintAndroidTestReleaseSourceSetCheck SKIPPED
> Task :core:data:runKtlintCheckOverAndroidTestSourceSet UP-TO-DATE
> Task :core:data:ktlintAndroidTestSourceSetCheck UP-TO-DATE
> Task :core:data:runKtlintCheckOverDebugSourceSet NO-SOURCE
> Task :core:data:ktlintDebugSourceSetCheck SKIPPED
> Task :core:data:runKtlintCheckOverKotlinScripts UP-TO-DATE
> Task :core:data:ktlintKotlinScriptCheck UP-TO-DATE
> Task :core:data:runKtlintCheckOverMainSourceSet UP-TO-DATE
> Task :core:data:ktlintMainSourceSetCheck UP-TO-DATE
> Task :core:data:runKtlintCheckOverReleaseSourceSet NO-SOURCE
> Task :core:data:ktlintReleaseSourceSetCheck SKIPPED
> Task :core:data:runKtlintCheckOverTestDebugSourceSet NO-SOURCE
> Task :core:data:ktlintTestDebugSourceSetCheck SKIPPED
> Task :core:data:runKtlintCheckOverTestFixturesDebugSourceSet NO-SOURCE
> Task :core:data:ktlintTestFixturesDebugSourceSetCheck SKIPPED
> Task :core:data:runKtlintCheckOverTestFixturesReleaseSourceSet NO-SOURCE
> Task :core:data:ktlintTestFixturesReleaseSourceSetCheck SKIPPED
> Task :core:data:runKtlintCheckOverTestFixturesSourceSet NO-SOURCE
> Task :core:data:ktlintTestFixturesSourceSetCheck SKIPPED
> Task :core:data:runKtlintCheckOverTestReleaseSourceSet NO-SOURCE
> Task :core:data:ktlintTestReleaseSourceSetCheck SKIPPED
> Task :core:data:runKtlintCheckOverTestSourceSet UP-TO-DATE
> Task :core:data:ktlintTestSourceSetCheck UP-TO-DATE
> Task :core:data:ktlintCheck UP-TO-DATE
> Task :core:data:runKtlintFormatOverAndroidTestDebugSourceSet NO-SOURCE
> Task :core:data:ktlintAndroidTestDebugSourceSetFormat SKIPPED
> Task :core:data:runKtlintFormatOverAndroidTestReleaseSourceSet NO-SOURCE
> Task :core:data:ktlintAndroidTestReleaseSourceSetFormat SKIPPED
> Task :core:data:runKtlintFormatOverAndroidTestSourceSet UP-TO-DATE
> Task :core:data:ktlintAndroidTestSourceSetFormat UP-TO-DATE
> Task :core:data:runKtlintFormatOverDebugSourceSet NO-SOURCE
> Task :core:data:ktlintDebugSourceSetFormat SKIPPED
> Task :core:data:ktlintKotlinScriptFormat UP-TO-DATE
> Task :core:data:runKtlintFormatOverMainSourceSet UP-TO-DATE
> Task :core:data:ktlintMainSourceSetFormat UP-TO-DATE
> Task :core:data:runKtlintFormatOverReleaseSourceSet NO-SOURCE
> Task :core:data:ktlintReleaseSourceSetFormat SKIPPED
> Task :core:data:runKtlintFormatOverTestDebugSourceSet NO-SOURCE
> Task :core:data:ktlintTestDebugSourceSetFormat SKIPPED
> Task :core:data:runKtlintFormatOverTestFixturesDebugSourceSet NO-SOURCE
> Task :core:data:ktlintTestFixturesDebugSourceSetFormat SKIPPED
> Task :core:data:runKtlintFormatOverTestFixturesReleaseSourceSet NO-SOURCE
> Task :core:data:ktlintTestFixturesReleaseSourceSetFormat SKIPPED
> Task :core:data:runKtlintFormatOverTestFixturesSourceSet NO-SOURCE
> Task :core:data:ktlintTestFixturesSourceSetFormat SKIPPED
> Task :core:data:runKtlintFormatOverTestReleaseSourceSet NO-SOURCE
> Task :core:data:ktlintTestReleaseSourceSetFormat SKIPPED
> Task :core:data:runKtlintFormatOverTestSourceSet UP-TO-DATE
> Task :core:data:ktlintTestSourceSetFormat UP-TO-DATE
> Task :core:data:ktlintFormat UP-TO-DATE
> Task :core:data:preBuild UP-TO-DATE
> Task :core:data:preDebugBuild UP-TO-DATE
> Task :core:data:writeDebugAarMetadata UP-TO-DATE
> Task :core:db:loadKtlintReporters UP-TO-DATE
> Task :core:db:runKtlintFormatOverKotlinScripts UP-TO-DATE
> Task :core:db:runKtlintCheckOverAndroidTestDebugSourceSet NO-SOURCE
> Task :core:db:ktlintAndroidTestDebugSourceSetCheck SKIPPED
> Task :core:db:runKtlintCheckOverAndroidTestReleaseSourceSet NO-SOURCE
> Task :core:db:ktlintAndroidTestReleaseSourceSetCheck SKIPPED
> Task :core:db:runKtlintCheckOverAndroidTestSourceSet UP-TO-DATE
> Task :core:db:ktlintAndroidTestSourceSetCheck UP-TO-DATE
> Task :core:db:runKtlintCheckOverDebugSourceSet NO-SOURCE
> Task :core:db:ktlintDebugSourceSetCheck SKIPPED
> Task :core:db:runKtlintCheckOverKotlinScripts UP-TO-DATE
> Task :core:db:ktlintKotlinScriptCheck UP-TO-DATE
> Task :core:db:runKtlintCheckOverMainSourceSet UP-TO-DATE
> Task :core:db:ktlintMainSourceSetCheck UP-TO-DATE
> Task :core:db:runKtlintCheckOverReleaseSourceSet NO-SOURCE
> Task :core:db:ktlintReleaseSourceSetCheck SKIPPED
> Task :core:db:runKtlintCheckOverTestDebugSourceSet NO-SOURCE
> Task :core:db:ktlintTestDebugSourceSetCheck SKIPPED
> Task :core:db:runKtlintCheckOverTestFixturesDebugSourceSet NO-SOURCE
> Task :core:db:ktlintTestFixturesDebugSourceSetCheck SKIPPED
> Task :core:db:runKtlintCheckOverTestFixturesReleaseSourceSet NO-SOURCE
> Task :core:db:ktlintTestFixturesReleaseSourceSetCheck SKIPPED
> Task :core:db:runKtlintCheckOverTestFixturesSourceSet NO-SOURCE
> Task :core:db:ktlintTestFixturesSourceSetCheck SKIPPED
> Task :core:db:runKtlintCheckOverTestReleaseSourceSet NO-SOURCE
> Task :core:db:ktlintTestReleaseSourceSetCheck SKIPPED
> Task :core:db:runKtlintCheckOverTestSourceSet UP-TO-DATE
> Task :core:db:ktlintTestSourceSetCheck UP-TO-DATE
> Task :core:db:ktlintCheck UP-TO-DATE
> Task :core:db:runKtlintFormatOverAndroidTestDebugSourceSet NO-SOURCE
> Task :core:db:ktlintAndroidTestDebugSourceSetFormat SKIPPED
> Task :core:db:runKtlintFormatOverAndroidTestReleaseSourceSet NO-SOURCE
> Task :core:db:ktlintAndroidTestReleaseSourceSetFormat SKIPPED
> Task :core:db:runKtlintFormatOverAndroidTestSourceSet UP-TO-DATE
> Task :core:db:ktlintAndroidTestSourceSetFormat UP-TO-DATE
> Task :core:db:runKtlintFormatOverDebugSourceSet NO-SOURCE
> Task :core:db:ktlintDebugSourceSetFormat SKIPPED
> Task :core:db:ktlintKotlinScriptFormat UP-TO-DATE
> Task :core:db:runKtlintFormatOverMainSourceSet UP-TO-DATE
> Task :core:db:ktlintMainSourceSetFormat UP-TO-DATE
> Task :core:db:runKtlintFormatOverReleaseSourceSet NO-SOURCE
> Task :core:db:ktlintReleaseSourceSetFormat SKIPPED
> Task :core:db:runKtlintFormatOverTestDebugSourceSet NO-SOURCE
> Task :core:db:ktlintTestDebugSourceSetFormat SKIPPED
> Task :core:db:runKtlintFormatOverTestFixturesDebugSourceSet NO-SOURCE
> Task :core:db:ktlintTestFixturesDebugSourceSetFormat SKIPPED
> Task :core:db:runKtlintFormatOverTestFixturesReleaseSourceSet NO-SOURCE
> Task :core:db:ktlintTestFixturesReleaseSourceSetFormat SKIPPED
> Task :core:db:runKtlintFormatOverTestFixturesSourceSet NO-SOURCE
> Task :core:db:ktlintTestFixturesSourceSetFormat SKIPPED
> Task :core:db:runKtlintFormatOverTestReleaseSourceSet NO-SOURCE
> Task :core:db:ktlintTestReleaseSourceSetFormat SKIPPED
> Task :core:db:runKtlintFormatOverTestSourceSet UP-TO-DATE
> Task :core:db:ktlintTestSourceSetFormat UP-TO-DATE
> Task :core:db:ktlintFormat UP-TO-DATE
> Task :core:db:preBuild UP-TO-DATE
> Task :core:db:preDebugBuild UP-TO-DATE
> Task :core:db:writeDebugAarMetadata UP-TO-DATE
> Task :core:di:loadKtlintReporters UP-TO-DATE
> Task :core:di:runKtlintFormatOverKotlinScripts UP-TO-DATE
> Task :core:di:runKtlintCheckOverAndroidTestDebugSourceSet NO-SOURCE
> Task :core:di:ktlintAndroidTestDebugSourceSetCheck SKIPPED
> Task :core:di:runKtlintCheckOverAndroidTestReleaseSourceSet NO-SOURCE
> Task :core:di:ktlintAndroidTestReleaseSourceSetCheck SKIPPED
> Task :core:di:runKtlintCheckOverAndroidTestSourceSet UP-TO-DATE
> Task :core:di:ktlintAndroidTestSourceSetCheck UP-TO-DATE
> Task :core:di:runKtlintCheckOverDebugSourceSet NO-SOURCE
> Task :core:di:ktlintDebugSourceSetCheck SKIPPED
> Task :core:di:runKtlintCheckOverKotlinScripts UP-TO-DATE
> Task :core:di:ktlintKotlinScriptCheck UP-TO-DATE
> Task :core:di:runKtlintCheckOverMainSourceSet UP-TO-DATE
> Task :core:di:ktlintMainSourceSetCheck UP-TO-DATE
> Task :core:di:runKtlintCheckOverReleaseSourceSet NO-SOURCE
> Task :core:di:ktlintReleaseSourceSetCheck SKIPPED
> Task :core:di:runKtlintCheckOverTestDebugSourceSet NO-SOURCE
> Task :core:di:ktlintTestDebugSourceSetCheck SKIPPED
> Task :core:di:runKtlintCheckOverTestFixturesDebugSourceSet NO-SOURCE
> Task :core:di:ktlintTestFixturesDebugSourceSetCheck SKIPPED
> Task :core:di:runKtlintCheckOverTestFixturesReleaseSourceSet NO-SOURCE
> Task :core:di:ktlintTestFixturesReleaseSourceSetCheck SKIPPED
> Task :core:di:runKtlintCheckOverTestFixturesSourceSet NO-SOURCE
> Task :core:di:ktlintTestFixturesSourceSetCheck SKIPPED
> Task :core:di:runKtlintCheckOverTestReleaseSourceSet NO-SOURCE
> Task :core:di:ktlintTestReleaseSourceSetCheck SKIPPED
> Task :core:di:runKtlintCheckOverTestSourceSet UP-TO-DATE
> Task :core:di:ktlintTestSourceSetCheck UP-TO-DATE
> Task :core:di:ktlintCheck UP-TO-DATE
> Task :core:di:runKtlintFormatOverAndroidTestDebugSourceSet NO-SOURCE
> Task :core:di:ktlintAndroidTestDebugSourceSetFormat SKIPPED
> Task :core:di:runKtlintFormatOverAndroidTestReleaseSourceSet NO-SOURCE
> Task :core:di:ktlintAndroidTestReleaseSourceSetFormat SKIPPED
> Task :core:di:runKtlintFormatOverAndroidTestSourceSet UP-TO-DATE
> Task :core:di:ktlintAndroidTestSourceSetFormat UP-TO-DATE
> Task :core:di:runKtlintFormatOverDebugSourceSet NO-SOURCE
> Task :core:di:ktlintDebugSourceSetFormat SKIPPED
> Task :core:di:ktlintKotlinScriptFormat UP-TO-DATE
> Task :core:di:runKtlintFormatOverMainSourceSet UP-TO-DATE
> Task :core:di:ktlintMainSourceSetFormat UP-TO-DATE
> Task :core:di:runKtlintFormatOverReleaseSourceSet NO-SOURCE
> Task :core:di:ktlintReleaseSourceSetFormat SKIPPED
> Task :core:di:runKtlintFormatOverTestDebugSourceSet NO-SOURCE
> Task :core:di:ktlintTestDebugSourceSetFormat SKIPPED
> Task :core:di:runKtlintFormatOverTestFixturesDebugSourceSet NO-SOURCE
> Task :core:di:ktlintTestFixturesDebugSourceSetFormat SKIPPED
> Task :core:di:runKtlintFormatOverTestFixturesReleaseSourceSet NO-SOURCE
> Task :core:di:ktlintTestFixturesReleaseSourceSetFormat SKIPPED
> Task :core:di:runKtlintFormatOverTestFixturesSourceSet NO-SOURCE
> Task :core:di:ktlintTestFixturesSourceSetFormat SKIPPED
> Task :core:di:runKtlintFormatOverTestReleaseSourceSet NO-SOURCE
> Task :core:di:ktlintTestReleaseSourceSetFormat SKIPPED
> Task :core:di:runKtlintFormatOverTestSourceSet UP-TO-DATE
> Task :core:di:ktlintTestSourceSetFormat UP-TO-DATE
> Task :core:di:ktlintFormat UP-TO-DATE
> Task :core:di:preBuild UP-TO-DATE
> Task :core:di:preDebugBuild UP-TO-DATE
> Task :core:di:writeDebugAarMetadata UP-TO-DATE
> Task :core:domain:loadKtlintReporters UP-TO-DATE
> Task :core:domain:runKtlintFormatOverKotlinScripts UP-TO-DATE
> Task :core:domain:runKtlintCheckOverAndroidTestDebugSourceSet NO-SOURCE
> Task :core:domain:ktlintAndroidTestDebugSourceSetCheck SKIPPED
> Task :core:domain:runKtlintCheckOverAndroidTestReleaseSourceSet NO-SOURCE
> Task :core:domain:ktlintAndroidTestReleaseSourceSetCheck SKIPPED
> Task :core:domain:runKtlintCheckOverAndroidTestSourceSet UP-TO-DATE
> Task :core:domain:ktlintAndroidTestSourceSetCheck UP-TO-DATE
> Task :core:domain:runKtlintCheckOverDebugSourceSet NO-SOURCE
> Task :core:domain:ktlintDebugSourceSetCheck SKIPPED
> Task :core:domain:runKtlintCheckOverKotlinScripts UP-TO-DATE
> Task :core:domain:ktlintKotlinScriptCheck UP-TO-DATE
> Task :core:domain:runKtlintCheckOverMainSourceSet UP-TO-DATE
> Task :core:domain:ktlintMainSourceSetCheck UP-TO-DATE
> Task :core:domain:runKtlintCheckOverReleaseSourceSet NO-SOURCE
> Task :core:domain:ktlintReleaseSourceSetCheck SKIPPED
> Task :core:domain:runKtlintCheckOverTestDebugSourceSet NO-SOURCE
> Task :core:domain:ktlintTestDebugSourceSetCheck SKIPPED
> Task :core:domain:runKtlintCheckOverTestFixturesDebugSourceSet NO-SOURCE
> Task :core:domain:ktlintTestFixturesDebugSourceSetCheck SKIPPED
> Task :core:domain:runKtlintCheckOverTestFixturesReleaseSourceSet NO-SOURCE
> Task :core:domain:ktlintTestFixturesReleaseSourceSetCheck SKIPPED
> Task :core:domain:runKtlintCheckOverTestFixturesSourceSet NO-SOURCE
> Task :core:domain:ktlintTestFixturesSourceSetCheck SKIPPED
> Task :core:domain:runKtlintCheckOverTestReleaseSourceSet NO-SOURCE
> Task :core:domain:ktlintTestReleaseSourceSetCheck SKIPPED
> Task :core:domain:runKtlintCheckOverTestSourceSet UP-TO-DATE
> Task :core:domain:ktlintTestSourceSetCheck UP-TO-DATE
> Task :core:domain:ktlintCheck UP-TO-DATE
> Task :core:domain:runKtlintFormatOverAndroidTestDebugSourceSet NO-SOURCE
> Task :core:domain:ktlintAndroidTestDebugSourceSetFormat SKIPPED
> Task :core:domain:runKtlintFormatOverAndroidTestReleaseSourceSet NO-SOURCE
> Task :core:domain:ktlintAndroidTestReleaseSourceSetFormat SKIPPED
> Task :core:domain:runKtlintFormatOverAndroidTestSourceSet UP-TO-DATE
> Task :core:domain:ktlintAndroidTestSourceSetFormat UP-TO-DATE
> Task :core:domain:runKtlintFormatOverDebugSourceSet NO-SOURCE
> Task :core:domain:ktlintDebugSourceSetFormat SKIPPED
> Task :core:domain:ktlintKotlinScriptFormat UP-TO-DATE
> Task :core:domain:runKtlintFormatOverMainSourceSet UP-TO-DATE
> Task :core:domain:ktlintMainSourceSetFormat UP-TO-DATE
> Task :core:domain:runKtlintFormatOverReleaseSourceSet NO-SOURCE
> Task :core:domain:ktlintReleaseSourceSetFormat SKIPPED
> Task :core:domain:runKtlintFormatOverTestDebugSourceSet NO-SOURCE
> Task :core:domain:ktlintTestDebugSourceSetFormat SKIPPED
> Task :core:domain:runKtlintFormatOverTestFixturesDebugSourceSet NO-SOURCE
> Task :core:domain:ktlintTestFixturesDebugSourceSetFormat SKIPPED
> Task :core:domain:runKtlintFormatOverTestFixturesReleaseSourceSet NO-SOURCE
> Task :core:domain:ktlintTestFixturesReleaseSourceSetFormat SKIPPED
> Task :core:domain:runKtlintFormatOverTestFixturesSourceSet NO-SOURCE
> Task :core:domain:ktlintTestFixturesSourceSetFormat SKIPPED
> Task :core:domain:runKtlintFormatOverTestReleaseSourceSet NO-SOURCE
> Task :core:domain:ktlintTestReleaseSourceSetFormat SKIPPED
> Task :core:domain:runKtlintFormatOverTestSourceSet UP-TO-DATE
> Task :core:domain:ktlintTestSourceSetFormat UP-TO-DATE
> Task :core:domain:ktlintFormat UP-TO-DATE
> Task :core:domain:preBuild UP-TO-DATE
> Task :core:domain:preDebugBuild UP-TO-DATE
> Task :core:domain:writeDebugAarMetadata UP-TO-DATE
> Task :core:presentation:loadKtlintReporters UP-TO-DATE
> Task :core:presentation:runKtlintFormatOverKotlinScripts UP-TO-DATE
> Task :core:presentation:runKtlintCheckOverAndroidTestDebugSourceSet NO-SOURCE
> Task :core:presentation:ktlintAndroidTestDebugSourceSetCheck SKIPPED
> Task :core:presentation:runKtlintCheckOverAndroidTestReleaseSourceSet NO-SOURCE
> Task :core:presentation:ktlintAndroidTestReleaseSourceSetCheck SKIPPED
> Task :core:presentation:runKtlintCheckOverAndroidTestSourceSet UP-TO-DATE
> Task :core:presentation:ktlintAndroidTestSourceSetCheck UP-TO-DATE
> Task :core:presentation:runKtlintCheckOverDebugSourceSet NO-SOURCE
> Task :core:presentation:ktlintDebugSourceSetCheck SKIPPED
> Task :core:presentation:runKtlintCheckOverKotlinScripts UP-TO-DATE
> Task :core:presentation:ktlintKotlinScriptCheck UP-TO-DATE
> Task :core:presentation:runKtlintCheckOverMainSourceSet UP-TO-DATE
> Task :core:presentation:ktlintMainSourceSetCheck UP-TO-DATE
> Task :core:presentation:runKtlintCheckOverReleaseSourceSet NO-SOURCE
> Task :core:presentation:ktlintReleaseSourceSetCheck SKIPPED
> Task :core:presentation:runKtlintCheckOverTestDebugSourceSet NO-SOURCE
> Task :core:presentation:ktlintTestDebugSourceSetCheck SKIPPED
> Task :core:presentation:runKtlintCheckOverTestFixturesDebugSourceSet NO-SOURCE
> Task :core:presentation:ktlintTestFixturesDebugSourceSetCheck SKIPPED
> Task :core:presentation:runKtlintCheckOverTestFixturesReleaseSourceSet NO-SOURCE
> Task :core:presentation:ktlintTestFixturesReleaseSourceSetCheck SKIPPED
> Task :core:presentation:runKtlintCheckOverTestFixturesSourceSet NO-SOURCE
> Task :core:presentation:ktlintTestFixturesSourceSetCheck SKIPPED
> Task :core:presentation:runKtlintCheckOverTestReleaseSourceSet NO-SOURCE
> Task :core:presentation:ktlintTestReleaseSourceSetCheck SKIPPED
> Task :core:presentation:runKtlintCheckOverTestSourceSet UP-TO-DATE
> Task :core:presentation:ktlintTestSourceSetCheck UP-TO-DATE
> Task :core:presentation:ktlintCheck UP-TO-DATE
> Task :core:presentation:runKtlintFormatOverAndroidTestDebugSourceSet NO-SOURCE
> Task :core:presentation:ktlintAndroidTestDebugSourceSetFormat SKIPPED
> Task :core:presentation:runKtlintFormatOverAndroidTestReleaseSourceSet NO-SOURCE
> Task :core:presentation:ktlintAndroidTestReleaseSourceSetFormat SKIPPED
> Task :core:presentation:runKtlintFormatOverAndroidTestSourceSet UP-TO-DATE
> Task :core:presentation:ktlintAndroidTestSourceSetFormat UP-TO-DATE
> Task :core:presentation:runKtlintFormatOverDebugSourceSet NO-SOURCE
> Task :core:presentation:ktlintDebugSourceSetFormat SKIPPED
> Task :core:presentation:ktlintKotlinScriptFormat UP-TO-DATE
> Task :core:presentation:runKtlintFormatOverMainSourceSet UP-TO-DATE
> Task :core:presentation:ktlintMainSourceSetFormat UP-TO-DATE
> Task :core:presentation:runKtlintFormatOverReleaseSourceSet NO-SOURCE
> Task :core:presentation:ktlintReleaseSourceSetFormat SKIPPED
> Task :core:presentation:runKtlintFormatOverTestDebugSourceSet NO-SOURCE
> Task :core:presentation:ktlintTestDebugSourceSetFormat SKIPPED
> Task :core:presentation:runKtlintFormatOverTestFixturesDebugSourceSet NO-SOURCE
> Task :core:presentation:ktlintTestFixturesDebugSourceSetFormat SKIPPED
> Task :core:presentation:runKtlintFormatOverTestFixturesReleaseSourceSet NO-SOURCE
> Task :core:presentation:ktlintTestFixturesReleaseSourceSetFormat SKIPPED
> Task :core:presentation:runKtlintFormatOverTestFixturesSourceSet NO-SOURCE
> Task :core:presentation:ktlintTestFixturesSourceSetFormat SKIPPED
> Task :core:presentation:runKtlintFormatOverTestReleaseSourceSet NO-SOURCE
> Task :core:presentation:ktlintTestReleaseSourceSetFormat SKIPPED
> Task :core:presentation:runKtlintFormatOverTestSourceSet UP-TO-DATE
> Task :core:presentation:ktlintTestSourceSetFormat UP-TO-DATE
> Task :core:presentation:ktlintFormat UP-TO-DATE
> Task :core:presentation:preBuild UP-TO-DATE
> Task :core:presentation:preDebugBuild UP-TO-DATE
> Task :core:presentation:writeDebugAarMetadata UP-TO-DATE
> Task :feature:quick:loadKtlintReporters UP-TO-DATE
> Task :feature:quick:runKtlintFormatOverKotlinScripts UP-TO-DATE
> Task :feature:quick:runKtlintCheckOverAndroidTestDebugSourceSet NO-SOURCE
> Task :feature:quick:ktlintAndroidTestDebugSourceSetCheck SKIPPED
> Task :feature:quick:runKtlintCheckOverAndroidTestReleaseSourceSet NO-SOURCE
> Task :feature:quick:ktlintAndroidTestReleaseSourceSetCheck SKIPPED
> Task :feature:quick:runKtlintCheckOverAndroidTestSourceSet UP-TO-DATE
> Task :feature:quick:ktlintAndroidTestSourceSetCheck UP-TO-DATE
> Task :feature:quick:runKtlintCheckOverDebugSourceSet NO-SOURCE
> Task :feature:quick:ktlintDebugSourceSetCheck SKIPPED
> Task :feature:quick:runKtlintCheckOverKotlinScripts UP-TO-DATE
> Task :feature:quick:ktlintKotlinScriptCheck UP-TO-DATE
> Task :feature:quick:runKtlintCheckOverMainSourceSet UP-TO-DATE
> Task :feature:quick:ktlintMainSourceSetCheck UP-TO-DATE
> Task :feature:quick:runKtlintCheckOverReleaseSourceSet NO-SOURCE
> Task :feature:quick:ktlintReleaseSourceSetCheck SKIPPED
> Task :feature:quick:runKtlintCheckOverTestDebugSourceSet NO-SOURCE
> Task :feature:quick:ktlintTestDebugSourceSetCheck SKIPPED
> Task :feature:quick:runKtlintCheckOverTestFixturesDebugSourceSet NO-SOURCE
> Task :feature:quick:ktlintTestFixturesDebugSourceSetCheck SKIPPED
> Task :feature:quick:runKtlintCheckOverTestFixturesReleaseSourceSet NO-SOURCE
> Task :feature:quick:ktlintTestFixturesReleaseSourceSetCheck SKIPPED
> Task :feature:quick:runKtlintCheckOverTestFixturesSourceSet NO-SOURCE
> Task :feature:quick:ktlintTestFixturesSourceSetCheck SKIPPED
> Task :feature:quick:runKtlintCheckOverTestReleaseSourceSet NO-SOURCE
> Task :feature:quick:ktlintTestReleaseSourceSetCheck SKIPPED
> Task :feature:quick:runKtlintCheckOverTestSourceSet UP-TO-DATE
> Task :feature:quick:ktlintTestSourceSetCheck UP-TO-DATE
> Task :feature:quick:ktlintCheck UP-TO-DATE
> Task :feature:quick:runKtlintFormatOverAndroidTestDebugSourceSet NO-SOURCE
> Task :feature:quick:ktlintAndroidTestDebugSourceSetFormat SKIPPED
> Task :feature:quick:runKtlintFormatOverAndroidTestReleaseSourceSet NO-SOURCE
> Task :feature:quick:ktlintAndroidTestReleaseSourceSetFormat SKIPPED
> Task :feature:quick:runKtlintFormatOverAndroidTestSourceSet UP-TO-DATE
> Task :feature:quick:ktlintAndroidTestSourceSetFormat UP-TO-DATE
> Task :feature:quick:runKtlintFormatOverDebugSourceSet NO-SOURCE
> Task :feature:quick:ktlintDebugSourceSetFormat SKIPPED
> Task :feature:quick:ktlintKotlinScriptFormat UP-TO-DATE
> Task :feature:quick:runKtlintFormatOverMainSourceSet UP-TO-DATE
> Task :feature:quick:ktlintMainSourceSetFormat UP-TO-DATE
> Task :feature:quick:runKtlintFormatOverReleaseSourceSet NO-SOURCE
> Task :feature:quick:ktlintReleaseSourceSetFormat SKIPPED
> Task :feature:quick:runKtlintFormatOverTestDebugSourceSet NO-SOURCE
> Task :feature:quick:ktlintTestDebugSourceSetFormat SKIPPED
> Task :feature:quick:runKtlintFormatOverTestFixturesDebugSourceSet NO-SOURCE
> Task :feature:quick:ktlintTestFixturesDebugSourceSetFormat SKIPPED
> Task :feature:quick:runKtlintFormatOverTestFixturesReleaseSourceSet NO-SOURCE
> Task :feature:quick:ktlintTestFixturesReleaseSourceSetFormat SKIPPED
> Task :feature:quick:runKtlintFormatOverTestFixturesSourceSet NO-SOURCE
> Task :feature:quick:ktlintTestFixturesSourceSetFormat SKIPPED
> Task :feature:quick:runKtlintFormatOverTestReleaseSourceSet NO-SOURCE
> Task :feature:quick:ktlintTestReleaseSourceSetFormat SKIPPED
> Task :feature:quick:runKtlintFormatOverTestSourceSet UP-TO-DATE
> Task :feature:quick:ktlintTestSourceSetFormat UP-TO-DATE
> Task :feature:quick:ktlintFormat UP-TO-DATE
> Task :feature:quick:preBuild UP-TO-DATE
> Task :feature:quick:preDebugBuild UP-TO-DATE
> Task :feature:quick:writeDebugAarMetadata UP-TO-DATE
> Task :feature:search:loadKtlintReporters UP-TO-DATE
> Task :feature:search:runKtlintFormatOverKotlinScripts UP-TO-DATE
> Task :feature:search:runKtlintCheckOverAndroidTestDebugSourceSet NO-SOURCE
> Task :feature:search:ktlintAndroidTestDebugSourceSetCheck SKIPPED
> Task :feature:search:runKtlintCheckOverAndroidTestReleaseSourceSet NO-SOURCE
> Task :feature:search:ktlintAndroidTestReleaseSourceSetCheck SKIPPED
> Task :feature:search:runKtlintCheckOverAndroidTestSourceSet UP-TO-DATE
> Task :feature:search:ktlintAndroidTestSourceSetCheck UP-TO-DATE
> Task :feature:search:runKtlintCheckOverDebugSourceSet NO-SOURCE
> Task :feature:search:ktlintDebugSourceSetCheck SKIPPED
> Task :feature:search:runKtlintCheckOverKotlinScripts UP-TO-DATE
> Task :feature:search:ktlintKotlinScriptCheck UP-TO-DATE
> Task :feature:search:runKtlintCheckOverMainSourceSet UP-TO-DATE
> Task :feature:search:ktlintMainSourceSetCheck UP-TO-DATE
> Task :feature:search:runKtlintCheckOverReleaseSourceSet NO-SOURCE
> Task :feature:search:ktlintReleaseSourceSetCheck SKIPPED
> Task :feature:search:runKtlintCheckOverTestDebugSourceSet NO-SOURCE
> Task :feature:search:ktlintTestDebugSourceSetCheck SKIPPED
> Task :feature:search:runKtlintCheckOverTestFixturesDebugSourceSet NO-SOURCE
> Task :feature:search:ktlintTestFixturesDebugSourceSetCheck SKIPPED
> Task :feature:search:runKtlintCheckOverTestFixturesReleaseSourceSet NO-SOURCE
> Task :feature:search:ktlintTestFixturesReleaseSourceSetCheck SKIPPED
> Task :feature:search:runKtlintCheckOverTestFixturesSourceSet NO-SOURCE
> Task :feature:search:ktlintTestFixturesSourceSetCheck SKIPPED
> Task :feature:search:runKtlintCheckOverTestReleaseSourceSet NO-SOURCE
> Task :feature:search:ktlintTestReleaseSourceSetCheck SKIPPED
> Task :feature:search:runKtlintCheckOverTestSourceSet UP-TO-DATE
> Task :feature:search:ktlintTestSourceSetCheck UP-TO-DATE
> Task :feature:search:ktlintCheck UP-TO-DATE
> Task :feature:search:runKtlintFormatOverAndroidTestDebugSourceSet NO-SOURCE
> Task :feature:search:ktlintAndroidTestDebugSourceSetFormat SKIPPED
> Task :feature:search:runKtlintFormatOverAndroidTestReleaseSourceSet NO-SOURCE
> Task :feature:search:ktlintAndroidTestReleaseSourceSetFormat SKIPPED
> Task :feature:search:runKtlintFormatOverAndroidTestSourceSet UP-TO-DATE
> Task :feature:search:ktlintAndroidTestSourceSetFormat UP-TO-DATE
> Task :feature:search:runKtlintFormatOverDebugSourceSet NO-SOURCE
> Task :feature:search:ktlintDebugSourceSetFormat SKIPPED
> Task :feature:search:ktlintKotlinScriptFormat UP-TO-DATE
> Task :feature:search:runKtlintFormatOverMainSourceSet UP-TO-DATE
> Task :feature:search:ktlintMainSourceSetFormat UP-TO-DATE
> Task :feature:search:runKtlintFormatOverReleaseSourceSet NO-SOURCE
> Task :feature:search:ktlintReleaseSourceSetFormat SKIPPED
> Task :feature:search:runKtlintFormatOverTestDebugSourceSet NO-SOURCE
> Task :feature:search:ktlintTestDebugSourceSetFormat SKIPPED
> Task :feature:search:runKtlintFormatOverTestFixturesDebugSourceSet NO-SOURCE
> Task :feature:search:ktlintTestFixturesDebugSourceSetFormat SKIPPED
> Task :feature:search:runKtlintFormatOverTestFixturesReleaseSourceSet NO-SOURCE
> Task :feature:search:ktlintTestFixturesReleaseSourceSetFormat SKIPPED
> Task :feature:search:runKtlintFormatOverTestFixturesSourceSet NO-SOURCE
> Task :feature:search:ktlintTestFixturesSourceSetFormat SKIPPED
> Task :feature:search:runKtlintFormatOverTestReleaseSourceSet NO-SOURCE
> Task :feature:search:ktlintTestReleaseSourceSetFormat SKIPPED
> Task :feature:search:runKtlintFormatOverTestSourceSet UP-TO-DATE
> Task :feature:search:ktlintTestSourceSetFormat UP-TO-DATE
> Task :feature:search:ktlintFormat UP-TO-DATE
> Task :feature:search:preBuild UP-TO-DATE
> Task :feature:search:preDebugBuild UP-TO-DATE
> Task :feature:search:writeDebugAarMetadata UP-TO-DATE
> Task :watchapp:checkDebugAarMetadata UP-TO-DATE
> Task :watchapp:generateDebugResValues UP-TO-DATE
> Task :core:data:generateDebugResValues UP-TO-DATE
> Task :core:data:generateDebugResources UP-TO-DATE
> Task :core:data:packageDebugResources UP-TO-DATE
> Task :core:db:generateDebugResValues UP-TO-DATE
> Task :core:db:generateDebugResources UP-TO-DATE
> Task :core:db:packageDebugResources UP-TO-DATE
> Task :core:di:generateDebugResValues UP-TO-DATE
> Task :core:di:generateDebugResources UP-TO-DATE
> Task :core:di:packageDebugResources UP-TO-DATE
> Task :core:domain:generateDebugResValues UP-TO-DATE
> Task :core:domain:generateDebugResources UP-TO-DATE
> Task :core:domain:packageDebugResources UP-TO-DATE
> Task :core:presentation:generateDebugResValues UP-TO-DATE
> Task :core:presentation:generateDebugResources UP-TO-DATE
> Task :core:presentation:packageDebugResources UP-TO-DATE
> Task :feature:quick:generateDebugResValues UP-TO-DATE
> Task :feature:quick:generateDebugResources UP-TO-DATE
> Task :feature:quick:packageDebugResources UP-TO-DATE
> Task :feature:search:generateDebugResValues UP-TO-DATE
> Task :feature:search:generateDebugResources UP-TO-DATE
> Task :feature:search:packageDebugResources UP-TO-DATE
> Task :watchapp:mapDebugSourceSetPaths UP-TO-DATE
> Task :watchapp:generateDebugResources UP-TO-DATE
> Task :watchapp:mergeDebugResources UP-TO-DATE
> Task :watchapp:packageDebugResources UP-TO-DATE
> Task :watchapp:parseDebugLocalResources UP-TO-DATE
> Task :watchapp:createDebugCompatibleScreenManifests UP-TO-DATE
> Task :cryptoicons:extractDeepLinksDebug UP-TO-DATE
> Task :cryptoicons:processDebugManifest UP-TO-DATE
> Task :fiaticons:extractDeepLinksDebug UP-TO-DATE
> Task :fiaticons:processDebugManifest UP-TO-DATE
> Task :watchapp:extractDeepLinksDebug UP-TO-DATE
> Task :core:data:extractDeepLinksDebug UP-TO-DATE
> Task :core:data:processDebugManifest UP-TO-DATE
> Task :core:db:extractDeepLinksDebug UP-TO-DATE
> Task :core:db:processDebugManifest UP-TO-DATE
> Task :core:di:extractDeepLinksDebug UP-TO-DATE
> Task :core:di:processDebugManifest UP-TO-DATE
> Task :core:domain:extractDeepLinksDebug UP-TO-DATE
> Task :core:domain:processDebugManifest UP-TO-DATE
> Task :core:presentation:extractDeepLinksDebug UP-TO-DATE
> Task :core:presentation:processDebugManifest UP-TO-DATE
> Task :feature:quick:extractDeepLinksDebug UP-TO-DATE
> Task :feature:quick:processDebugManifest UP-TO-DATE
> Task :feature:search:extractDeepLinksDebug UP-TO-DATE
> Task :feature:search:processDebugManifest UP-TO-DATE
> Task :watchapp:processDebugMainManifest UP-TO-DATE
> Task :watchapp:processDebugManifest UP-TO-DATE
> Task :watchapp:processDebugManifestForPackage UP-TO-DATE
> Task :core:data:compileDebugLibraryResources UP-TO-DATE
> Task :core:data:parseDebugLocalResources UP-TO-DATE
> Task :core:data:generateDebugRFile UP-TO-DATE
> Task :core:db:compileDebugLibraryResources UP-TO-DATE
> Task :core:db:parseDebugLocalResources UP-TO-DATE
> Task :core:db:generateDebugRFile UP-TO-DATE
> Task :core:di:compileDebugLibraryResources UP-TO-DATE
> Task :core:di:parseDebugLocalResources UP-TO-DATE
> Task :core:di:generateDebugRFile UP-TO-DATE
> Task :core:domain:compileDebugLibraryResources UP-TO-DATE
> Task :core:domain:parseDebugLocalResources UP-TO-DATE
> Task :core:domain:generateDebugRFile UP-TO-DATE
> Task :core:presentation:compileDebugLibraryResources UP-TO-DATE
> Task :core:presentation:parseDebugLocalResources UP-TO-DATE
> Task :core:presentation:generateDebugRFile UP-TO-DATE
> Task :feature:quick:compileDebugLibraryResources UP-TO-DATE
> Task :feature:quick:parseDebugLocalResources UP-TO-DATE
> Task :feature:quick:generateDebugRFile UP-TO-DATE
> Task :feature:search:compileDebugLibraryResources UP-TO-DATE
> Task :feature:search:parseDebugLocalResources UP-TO-DATE
> Task :feature:search:generateDebugRFile UP-TO-DATE
> Task :watchapp:processDebugResources UP-TO-DATE
> Task :core:data:checkKotlinGradlePluginConfigurationErrors SKIPPED
> Task :core:db:checkKotlinGradlePluginConfigurationErrors SKIPPED
> Task :core:domain:checkKotlinGradlePluginConfigurationErrors SKIPPED
> Task :core:domain:compileDebugKotlin UP-TO-DATE
> Task :core:domain:javaPreCompileDebug UP-TO-DATE
> Task :core:domain:compileDebugJavaWithJavac NO-SOURCE
> Task :core:domain:bundleLibCompileToJarDebug UP-TO-DATE
> Task :core:db:kspDebugKotlin UP-TO-DATE
> Task :core:db:compileDebugKotlin UP-TO-DATE
> Task :core:db:javaPreCompileDebug UP-TO-DATE
> Task :core:db:compileDebugJavaWithJavac UP-TO-DATE
> Task :core:db:bundleLibCompileToJarDebug UP-TO-DATE
> Task :core:data:kspDebugKotlin UP-TO-DATE
> Task :core:data:compileDebugKotlin UP-TO-DATE
> Task :core:data:javaPreCompileDebug UP-TO-DATE
> Task :core:data:compileDebugJavaWithJavac UP-TO-DATE
> Task :core:data:bundleLibCompileToJarDebug UP-TO-DATE
> Task :core:presentation:checkKotlinGradlePluginConfigurationErrors SKIPPED
> Task :core:presentation:compileDebugKotlin UP-TO-DATE
> Task :core:presentation:javaPreCompileDebug UP-TO-DATE
> Task :core:presentation:compileDebugJavaWithJavac NO-SOURCE
> Task :core:presentation:bundleLibCompileToJarDebug UP-TO-DATE
> Task :core:di:checkKotlinGradlePluginConfigurationErrors SKIPPED
> Task :core:di:kspDebugKotlin UP-TO-DATE
> Task :core:di:compileDebugKotlin UP-TO-DATE
> Task :core:di:javaPreCompileDebug UP-TO-DATE
> Task :core:di:compileDebugJavaWithJavac UP-TO-DATE
> Task :core:di:bundleLibCompileToJarDebug UP-TO-DATE
> Task :feature:quick:checkKotlinGradlePluginConfigurationErrors SKIPPED
> Task :feature:search:checkKotlinGradlePluginConfigurationErrors SKIPPED
> Task :feature:search:kspDebugKotlin UP-TO-DATE
> Task :feature:search:compileDebugKotlin UP-TO-DATE
> Task :feature:search:javaPreCompileDebug UP-TO-DATE
> Task :feature:search:compileDebugJavaWithJavac UP-TO-DATE
> Task :feature:search:bundleLibCompileToJarDebug UP-TO-DATE
> Task :feature:quick:kspDebugKotlin UP-TO-DATE
> Task :feature:quick:compileDebugKotlin UP-TO-DATE
> Task :feature:quick:javaPreCompileDebug UP-TO-DATE
> Task :feature:quick:compileDebugJavaWithJavac UP-TO-DATE
> Task :feature:quick:bundleLibCompileToJarDebug UP-TO-DATE
> Task :watchapp:kspDebugKotlin UP-TO-DATE

> Task :watchapp:compileDebugKotlin FAILED
e: file:///Users/hieuvu/Projects/ARK-Rate/watchapp/src/main/java/dev/arkbuilders/rate/watchapp/presentation/addquickpairs/AddQuickPairsScreen.kt:28:39 Unresolved reference 'IconButton'.
e: file:///Users/hieuvu/Projects/ARK-Rate/watchapp/src/main/java/dev/arkbuilders/rate/watchapp/presentation/addquickpairs/AddQuickPairsScreen.kt:90:17 Unresolved reference 'IconButton'.
e: file:///Users/hieuvu/Projects/ARK-Rate/watchapp/src/main/java/dev/arkbuilders/rate/watchapp/presentation/addquickpairs/AddQuickPairsScreen.kt:91:21 @Composable invocations can only happen from the context of a @Composable function
e: file:///Users/hieuvu/Projects/ARK-Rate/watchapp/src/main/java/dev/arkbuilders/rate/watchapp/presentation/addquickpairs/AddQuickPairsScreen.kt:91:26 @Composable invocations can only happen from the context of a @Composable function
[Incubating] Problems report is available at: file:///Users/hieuvu/Projects/ARK-Rate/build/reports/problems/problems-report.html

FAILURE: Build failed with an exception.

* What went wrong:
Execution failed for task ':watchapp:compileDebugKotlin'.
> A failure occurred while executing org.jetbrains.kotlin.compilerRunner.GradleCompilerRunnerWithWorkers$GradleKotlinCompilerWorkAction
   > Compilation error. See log for more details

* Try:
> Run with --stacktrace option to get the stack trace.
> Run with --info or --debug option to get more log output.
> Run with --scan to get full insights.
> Get more help at https://help.gradle.org.

Deprecated Gradle features were used in this build, making it incompatible with Gradle 9.0.

You can use '--warning-mode all' to show the individual deprecation warnings and determine if they come from your own scripts or plugins.

For more on this, please refer to https://docs.gradle.org/8.11.1/userguide/command_line_interface.html#sec:command_line_warnings in the Gradle documentation.

BUILD FAILED in 3s
250 actionable tasks: 1 executed, 249 up-to-date
